// Vitest Snapshot v1, https://vitest.dev/guide/snapshot.html

exports[`i18n completeness > every non-EN locale matches the keys present in EN (modulo baseline) 1`] = `
{
  "by": [
    "common.statuses.connectionLost",
  ],
  "es": [
    "common.statuses.connectionLost",
  ],
  "fr": [
    "common.statuses.connectionLost",
  ],
  "ru": [
    "common.statuses.connectionLost",
  ],
}
`;
