// Vitest Snapshot v1, https://vitest.dev/guide/snapshot.html

exports[`i18n completeness > every non-EN locale matches the keys present in EN (modulo baseline) 1`] = `
{
  "by": [
    "games.critical_v1.variants.adventure.alter_future_3x",
    "games.critical_v1.variants.adventure.alter_future_5x",
    "games.critical_v1.variants.adventure.blackout",
    "games.critical_v1.variants.adventure.bury",
    "games.critical_v1.variants.adventure.cancel",
    "games.critical_v1.variants.adventure.collection_alpha",
    "games.critical_v1.variants.adventure.collection_beta",
    "games.critical_v1.variants.adventure.collection_delta",
    "games.critical_v1.variants.adventure.collection_epsilon",
    "games.critical_v1.variants.adventure.collection_gamma",
    "games.critical_v1.variants.adventure.containment_field",
    "games.critical_v1.variants.adventure.critical_event",
    "games.critical_v1.variants.adventure.critical_implosion",
    "games.critical_v1.variants.adventure.draw_bottom",
    "games.critical_v1.variants.adventure.evade",
    "games.critical_v1.variants.adventure.fission",
    "games.critical_v1.variants.adventure.insight",
    "games.critical_v1.variants.adventure.invert",
    "games.critical_v1.variants.adventure.mark",
    "games.critical_v1.variants.adventure.mega_evade",
    "games.critical_v1.variants.adventure.miracle",
    "games.critical_v1.variants.adventure.neutralizer",
    "games.critical_v1.variants.adventure.omniscience",
    "games.critical_v1.variants.adventure.private_strike",
    "games.critical_v1.variants.adventure.rapture",
    "games.critical_v1.variants.adventure.recursive_strike",
    "games.critical_v1.variants.adventure.reorder",
    "games.critical_v1.variants.adventure.reveal_future_3x",
    "games.critical_v1.variants.adventure.see_future_5x",
    "games.critical_v1.variants.adventure.share_future_3x",
    "games.critical_v1.variants.adventure.smite",
    "games.critical_v1.variants.adventure.stash",
    "games.critical_v1.variants.adventure.steal_draw",
    "games.critical_v1.variants.adventure.strike",
    "games.critical_v1.variants.adventure.swap_top_bottom",
    "games.critical_v1.variants.adventure.targeted_strike",
    "games.critical_v1.variants.adventure.trade",
    "games.critical_v1.variants.adventure.tribute",
    "games.critical_v1.variants.adventure.wildcard",
    "games.critical_v1.variants.crime.alter_future_3x",
    "games.critical_v1.variants.crime.alter_future_5x",
    "games.critical_v1.variants.crime.blackout",
    "games.critical_v1.variants.crime.bury",
    "games.critical_v1.variants.crime.cancel",
    "games.critical_v1.variants.crime.collection_alpha",
    "games.critical_v1.variants.crime.collection_beta",
    "games.critical_v1.variants.crime.collection_delta",
    "games.critical_v1.variants.crime.collection_epsilon",
    "games.critical_v1.variants.crime.collection_gamma",
    "games.critical_v1.variants.crime.containment_field",
    "games.critical_v1.variants.crime.critical_event",
    "games.critical_v1.variants.crime.critical_implosion",
    "games.critical_v1.variants.crime.draw_bottom",
    "games.critical_v1.variants.crime.evade",
    "games.critical_v1.variants.crime.fission",
    "games.critical_v1.variants.crime.insight",
    "games.critical_v1.variants.crime.invert",
    "games.critical_v1.variants.crime.mark",
    "games.critical_v1.variants.crime.mega_evade",
    "games.critical_v1.variants.crime.miracle",
    "games.critical_v1.variants.crime.neutralizer",
    "games.critical_v1.variants.crime.omniscience",
    "games.critical_v1.variants.crime.private_strike",
    "games.critical_v1.variants.crime.rapture",
    "games.critical_v1.variants.crime.recursive_strike",
    "games.critical_v1.variants.crime.reorder",
    "games.critical_v1.variants.crime.reveal_future_3x",
    "games.critical_v1.variants.crime.see_future_5x",
    "games.critical_v1.variants.crime.share_future_3x",
    "games.critical_v1.variants.crime.smite",
    "games.critical_v1.variants.crime.stash",
    "games.critical_v1.variants.crime.steal_draw",
    "games.critical_v1.variants.crime.strike",
    "games.critical_v1.variants.crime.swap_top_bottom",
    "games.critical_v1.variants.crime.targeted_strike",
    "games.critical_v1.variants.crime.trade",
    "games.critical_v1.variants.crime.tribute",
    "games.critical_v1.variants.crime.wildcard",
    "games.critical_v1.variants.cyberpunk.alter_future_3x",
    "games.critical_v1.variants.cyberpunk.alter_future_5x",
    "games.critical_v1.variants.cyberpunk.blackout",
    "games.critical_v1.variants.cyberpunk.bury",
    "games.critical_v1.variants.cyberpunk.cancel",
    "games.critical_v1.variants.cyberpunk.collection_alpha",
    "games.critical_v1.variants.cyberpunk.collection_beta",
    "games.critical_v1.variants.cyberpunk.collection_delta",
    "games.critical_v1.variants.cyberpunk.collection_epsilon",
    "games.critical_v1.variants.cyberpunk.collection_gamma",
    "games.critical_v1.variants.cyberpunk.containment_field",
    "games.critical_v1.variants.cyberpunk.critical_event",
    "games.critical_v1.variants.cyberpunk.critical_implosion",
    "games.critical_v1.variants.cyberpunk.draw_bottom",
    "games.critical_v1.variants.cyberpunk.evade",
    "games.critical_v1.variants.cyberpunk.fission",
    "games.critical_v1.variants.cyberpunk.insight",
    "games.critical_v1.variants.cyberpunk.invert",
    "games.critical_v1.variants.cyberpunk.mark",
    "games.critical_v1.variants.cyberpunk.mega_evade",
    "games.critical_v1.variants.cyberpunk.miracle",
    "games.critical_v1.variants.cyberpunk.neutralizer",
    "games.critical_v1.variants.cyberpunk.omniscience",
    "games.critical_v1.variants.cyberpunk.private_strike",
    "games.critical_v1.variants.cyberpunk.rapture",
    "games.critical_v1.variants.cyberpunk.recursive_strike",
    "games.critical_v1.variants.cyberpunk.reorder",
    "games.critical_v1.variants.cyberpunk.reveal_future_3x",
    "games.critical_v1.variants.cyberpunk.see_future_5x",
    "games.critical_v1.variants.cyberpunk.share_future_3x",
    "games.critical_v1.variants.cyberpunk.smite",
    "games.critical_v1.variants.cyberpunk.stash",
    "games.critical_v1.variants.cyberpunk.steal_draw",
    "games.critical_v1.variants.cyberpunk.strike",
    "games.critical_v1.variants.cyberpunk.swap_top_bottom",
    "games.critical_v1.variants.cyberpunk.targeted_strike",
    "games.critical_v1.variants.cyberpunk.trade",
    "games.critical_v1.variants.cyberpunk.tribute",
    "games.critical_v1.variants.cyberpunk.wildcard",
    "games.critical_v1.variants.default.alter_future_3x",
    "games.critical_v1.variants.default.alter_future_5x",
    "games.critical_v1.variants.default.blackout",
    "games.critical_v1.variants.default.bury",
    "games.critical_v1.variants.default.cancel",
    "games.critical_v1.variants.default.collection_alpha",
    "games.critical_v1.variants.default.collection_beta",
    "games.critical_v1.variants.default.collection_delta",
    "games.critical_v1.variants.default.collection_epsilon",
    "games.critical_v1.variants.default.collection_gamma",
    "games.critical_v1.variants.default.containment_field",
    "games.critical_v1.variants.default.critical_event",
    "games.critical_v1.variants.default.critical_implosion",
    "games.critical_v1.variants.default.draw_bottom",
    "games.critical_v1.variants.default.evade",
    "games.critical_v1.variants.default.fission",
    "games.critical_v1.variants.default.insight",
    "games.critical_v1.variants.default.invert",
    "games.critical_v1.variants.default.mark",
    "games.critical_v1.variants.default.mega_evade",
    "games.critical_v1.variants.default.miracle",
    "games.critical_v1.variants.default.neutralizer",
    "games.critical_v1.variants.default.omniscience",
    "games.critical_v1.variants.default.private_strike",
    "games.critical_v1.variants.default.rapture",
    "games.critical_v1.variants.default.recursive_strike",
    "games.critical_v1.variants.default.reorder",
    "games.critical_v1.variants.default.reveal_future_3x",
    "games.critical_v1.variants.default.see_future_5x",
    "games.critical_v1.variants.default.share_future_3x",
    "games.critical_v1.variants.default.smite",
    "games.critical_v1.variants.default.stash",
    "games.critical_v1.variants.default.steal_draw",
    "games.critical_v1.variants.default.strike",
    "games.critical_v1.variants.default.swap_top_bottom",
    "games.critical_v1.variants.default.targeted_strike",
    "games.critical_v1.variants.default.trade",
    "games.critical_v1.variants.default.tribute",
    "games.critical_v1.variants.default.wildcard",
    "games.critical_v1.variants.egypt.alter_future_3x",
    "games.critical_v1.variants.egypt.alter_future_5x",
    "games.critical_v1.variants.egypt.blackout",
    "games.critical_v1.variants.egypt.bury",
    "games.critical_v1.variants.egypt.cancel",
    "games.critical_v1.variants.egypt.collection_alpha",
    "games.critical_v1.variants.egypt.collection_beta",
    "games.critical_v1.variants.egypt.collection_delta",
    "games.critical_v1.variants.egypt.collection_epsilon",
    "games.critical_v1.variants.egypt.collection_gamma",
    "games.critical_v1.variants.egypt.containment_field",
    "games.critical_v1.variants.egypt.critical_event",
    "games.critical_v1.variants.egypt.critical_implosion",
    "games.critical_v1.variants.egypt.draw_bottom",
    "games.critical_v1.variants.egypt.evade",
    "games.critical_v1.variants.egypt.fission",
    "games.critical_v1.variants.egypt.insight",
    "games.critical_v1.variants.egypt.invert",
    "games.critical_v1.variants.egypt.mark",
    "games.critical_v1.variants.egypt.mega_evade",
    "games.critical_v1.variants.egypt.miracle",
    "games.critical_v1.variants.egypt.neutralizer",
    "games.critical_v1.variants.egypt.omniscience",
    "games.critical_v1.variants.egypt.private_strike",
    "games.critical_v1.variants.egypt.rapture",
    "games.critical_v1.variants.egypt.recursive_strike",
    "games.critical_v1.variants.egypt.reorder",
    "games.critical_v1.variants.egypt.reveal_future_3x",
    "games.critical_v1.variants.egypt.see_future_5x",
    "games.critical_v1.variants.egypt.share_future_3x",
    "games.critical_v1.variants.egypt.smite",
    "games.critical_v1.variants.egypt.stash",
    "games.critical_v1.variants.egypt.steal_draw",
    "games.critical_v1.variants.egypt.strike",
    "games.critical_v1.variants.egypt.swap_top_bottom",
    "games.critical_v1.variants.egypt.targeted_strike",
    "games.critical_v1.variants.egypt.trade",
    "games.critical_v1.variants.egypt.tribute",
    "games.critical_v1.variants.egypt.wildcard",
    "games.critical_v1.variants.fantasy.alter_future_3x",
    "games.critical_v1.variants.fantasy.alter_future_5x",
    "games.critical_v1.variants.fantasy.blackout",
    "games.critical_v1.variants.fantasy.bury",
    "games.critical_v1.variants.fantasy.cancel",
    "games.critical_v1.variants.fantasy.collection_alpha",
    "games.critical_v1.variants.fantasy.collection_beta",
    "games.critical_v1.variants.fantasy.collection_delta",
    "games.critical_v1.variants.fantasy.collection_epsilon",
    "games.critical_v1.variants.fantasy.collection_gamma",
    "games.critical_v1.variants.fantasy.containment_field",
    "games.critical_v1.variants.fantasy.critical_event",
    "games.critical_v1.variants.fantasy.critical_implosion",
    "games.critical_v1.variants.fantasy.draw_bottom",
    "games.critical_v1.variants.fantasy.evade",
    "games.critical_v1.variants.fantasy.fission",
    "games.critical_v1.variants.fantasy.insight",
    "games.critical_v1.variants.fantasy.invert",
    "games.critical_v1.variants.fantasy.mark",
    "games.critical_v1.variants.fantasy.mega_evade",
    "games.critical_v1.variants.fantasy.miracle",
    "games.critical_v1.variants.fantasy.neutralizer",
    "games.critical_v1.variants.fantasy.omniscience",
    "games.critical_v1.variants.fantasy.private_strike",
    "games.critical_v1.variants.fantasy.rapture",
    "games.critical_v1.variants.fantasy.recursive_strike",
    "games.critical_v1.variants.fantasy.reorder",
    "games.critical_v1.variants.fantasy.reveal_future_3x",
    "games.critical_v1.variants.fantasy.see_future_5x",
    "games.critical_v1.variants.fantasy.share_future_3x",
    "games.critical_v1.variants.fantasy.smite",
    "games.critical_v1.variants.fantasy.stash",
    "games.critical_v1.variants.fantasy.steal_draw",
    "games.critical_v1.variants.fantasy.strike",
    "games.critical_v1.variants.fantasy.swap_top_bottom",
    "games.critical_v1.variants.fantasy.targeted_strike",
    "games.critical_v1.variants.fantasy.trade",
    "games.critical_v1.variants.fantasy.tribute",
    "games.critical_v1.variants.fantasy.wildcard",
    "games.critical_v1.variants.galaxy.alter_future_3x",
    "games.critical_v1.variants.galaxy.alter_future_5x",
    "games.critical_v1.variants.galaxy.blackout",
    "games.critical_v1.variants.galaxy.bury",
    "games.critical_v1.variants.galaxy.cancel",
    "games.critical_v1.variants.galaxy.collection_alpha",
    "games.critical_v1.variants.galaxy.collection_beta",
    "games.critical_v1.variants.galaxy.collection_delta",
    "games.critical_v1.variants.galaxy.collection_epsilon",
    "games.critical_v1.variants.galaxy.collection_gamma",
    "games.critical_v1.variants.galaxy.containment_field",
    "games.critical_v1.variants.galaxy.critical_event",
    "games.critical_v1.variants.galaxy.critical_implosion",
    "games.critical_v1.variants.galaxy.draw_bottom",
    "games.critical_v1.variants.galaxy.evade",
    "games.critical_v1.variants.galaxy.fission",
    "games.critical_v1.variants.galaxy.insight",
    "games.critical_v1.variants.galaxy.invert",
    "games.critical_v1.variants.galaxy.mark",
    "games.critical_v1.variants.galaxy.mega_evade",
    "games.critical_v1.variants.galaxy.miracle",
    "games.critical_v1.variants.galaxy.neutralizer",
    "games.critical_v1.variants.galaxy.omniscience",
    "games.critical_v1.variants.galaxy.private_strike",
    "games.critical_v1.variants.galaxy.rapture",
    "games.critical_v1.variants.galaxy.recursive_strike",
    "games.critical_v1.variants.galaxy.reorder",
    "games.critical_v1.variants.galaxy.reveal_future_3x",
    "games.critical_v1.variants.galaxy.see_future_5x",
    "games.critical_v1.variants.galaxy.share_future_3x",
    "games.critical_v1.variants.galaxy.smite",
    "games.critical_v1.variants.galaxy.stash",
    "games.critical_v1.variants.galaxy.steal_draw",
    "games.critical_v1.variants.galaxy.strike",
    "games.critical_v1.variants.galaxy.swap_top_bottom",
    "games.critical_v1.variants.galaxy.targeted_strike",
    "games.critical_v1.variants.galaxy.trade",
    "games.critical_v1.variants.galaxy.tribute",
    "games.critical_v1.variants.galaxy.wildcard",
    "games.critical_v1.variants.high-altitude-hike.alter_future_3x",
    "games.critical_v1.variants.high-altitude-hike.alter_future_5x",
    "games.critical_v1.variants.high-altitude-hike.blackout",
    "games.critical_v1.variants.high-altitude-hike.bury",
    "games.critical_v1.variants.high-altitude-hike.cancel",
    "games.critical_v1.variants.high-altitude-hike.collection_alpha",
    "games.critical_v1.variants.high-altitude-hike.collection_beta",
    "games.critical_v1.variants.high-altitude-hike.collection_delta",
    "games.critical_v1.variants.high-altitude-hike.collection_epsilon",
    "games.critical_v1.variants.high-altitude-hike.collection_gamma",
    "games.critical_v1.variants.high-altitude-hike.containment_field",
    "games.critical_v1.variants.high-altitude-hike.critical_event",
    "games.critical_v1.variants.high-altitude-hike.critical_implosion",
    "games.critical_v1.variants.high-altitude-hike.draw_bottom",
    "games.critical_v1.variants.high-altitude-hike.evade",
    "games.critical_v1.variants.high-altitude-hike.fission",
    "games.critical_v1.variants.high-altitude-hike.insight",
    "games.critical_v1.variants.high-altitude-hike.invert",
    "games.critical_v1.variants.high-altitude-hike.mark",
    "games.critical_v1.variants.high-altitude-hike.mega_evade",
    "games.critical_v1.variants.high-altitude-hike.miracle",
    "games.critical_v1.variants.high-altitude-hike.neutralizer",
    "games.critical_v1.variants.high-altitude-hike.omniscience",
    "games.critical_v1.variants.high-altitude-hike.private_strike",
    "games.critical_v1.variants.high-altitude-hike.rapture",
    "games.critical_v1.variants.high-altitude-hike.recursive_strike",
    "games.critical_v1.variants.high-altitude-hike.reorder",
    "games.critical_v1.variants.high-altitude-hike.reveal_future_3x",
    "games.critical_v1.variants.high-altitude-hike.see_future_5x",
    "games.critical_v1.variants.high-altitude-hike.share_future_3x",
    "games.critical_v1.variants.high-altitude-hike.smite",
    "games.critical_v1.variants.high-altitude-hike.stash",
    "games.critical_v1.variants.high-altitude-hike.steal_draw",
    "games.critical_v1.variants.high-altitude-hike.strike",
    "games.critical_v1.variants.high-altitude-hike.swap_top_bottom",
    "games.critical_v1.variants.high-altitude-hike.targeted_strike",
    "games.critical_v1.variants.high-altitude-hike.trade",
    "games.critical_v1.variants.high-altitude-hike.tribute",
    "games.critical_v1.variants.high-altitude-hike.wildcard",
    "games.critical_v1.variants.horror.alter_future_3x",
    "games.critical_v1.variants.horror.alter_future_5x",
    "games.critical_v1.variants.horror.blackout",
    "games.critical_v1.variants.horror.bury",
    "games.critical_v1.variants.horror.cancel",
    "games.critical_v1.variants.horror.collection_alpha",
    "games.critical_v1.variants.horror.collection_beta",
    "games.critical_v1.variants.horror.collection_delta",
    "games.critical_v1.variants.horror.collection_epsilon",
    "games.critical_v1.variants.horror.collection_gamma",
    "games.critical_v1.variants.horror.containment_field",
    "games.critical_v1.variants.horror.critical_event",
    "games.critical_v1.variants.horror.critical_implosion",
    "games.critical_v1.variants.horror.draw_bottom",
    "games.critical_v1.variants.horror.evade",
    "games.critical_v1.variants.horror.fission",
    "games.critical_v1.variants.horror.insight",
    "games.critical_v1.variants.horror.invert",
    "games.critical_v1.variants.horror.mark",
    "games.critical_v1.variants.horror.mega_evade",
    "games.critical_v1.variants.horror.miracle",
    "games.critical_v1.variants.horror.neutralizer",
    "games.critical_v1.variants.horror.omniscience",
    "games.critical_v1.variants.horror.private_strike",
    "games.critical_v1.variants.horror.rapture",
    "games.critical_v1.variants.horror.recursive_strike",
    "games.critical_v1.variants.horror.reorder",
    "games.critical_v1.variants.horror.reveal_future_3x",
    "games.critical_v1.variants.horror.see_future_5x",
    "games.critical_v1.variants.horror.share_future_3x",
    "games.critical_v1.variants.horror.smite",
    "games.critical_v1.variants.horror.stash",
    "games.critical_v1.variants.horror.steal_draw",
    "games.critical_v1.variants.horror.strike",
    "games.critical_v1.variants.horror.swap_top_bottom",
    "games.critical_v1.variants.horror.targeted_strike",
    "games.critical_v1.variants.horror.trade",
    "games.critical_v1.variants.horror.tribute",
    "games.critical_v1.variants.horror.wildcard",
    "games.critical_v1.variants.steampunk.alter_future_3x",
    "games.critical_v1.variants.steampunk.alter_future_5x",
    "games.critical_v1.variants.steampunk.blackout",
    "games.critical_v1.variants.steampunk.bury",
    "games.critical_v1.variants.steampunk.cancel",
    "games.critical_v1.variants.steampunk.collection_alpha",
    "games.critical_v1.variants.steampunk.collection_beta",
    "games.critical_v1.variants.steampunk.collection_delta",
    "games.critical_v1.variants.steampunk.collection_epsilon",
    "games.critical_v1.variants.steampunk.collection_gamma",
    "games.critical_v1.variants.steampunk.containment_field",
    "games.critical_v1.variants.steampunk.critical_event",
    "games.critical_v1.variants.steampunk.critical_implosion",
    "games.critical_v1.variants.steampunk.draw_bottom",
    "games.critical_v1.variants.steampunk.evade",
    "games.critical_v1.variants.steampunk.fission",
    "games.critical_v1.variants.steampunk.insight",
    "games.critical_v1.variants.steampunk.invert",
    "games.critical_v1.variants.steampunk.mark",
    "games.critical_v1.variants.steampunk.mega_evade",
    "games.critical_v1.variants.steampunk.miracle",
    "games.critical_v1.variants.steampunk.neutralizer",
    "games.critical_v1.variants.steampunk.omniscience",
    "games.critical_v1.variants.steampunk.private_strike",
    "games.critical_v1.variants.steampunk.rapture",
    "games.critical_v1.variants.steampunk.recursive_strike",
    "games.critical_v1.variants.steampunk.reorder",
    "games.critical_v1.variants.steampunk.reveal_future_3x",
    "games.critical_v1.variants.steampunk.see_future_5x",
    "games.critical_v1.variants.steampunk.share_future_3x",
    "games.critical_v1.variants.steampunk.smite",
    "games.critical_v1.variants.steampunk.stash",
    "games.critical_v1.variants.steampunk.steal_draw",
    "games.critical_v1.variants.steampunk.strike",
    "games.critical_v1.variants.steampunk.swap_top_bottom",
    "games.critical_v1.variants.steampunk.targeted_strike",
    "games.critical_v1.variants.steampunk.trade",
    "games.critical_v1.variants.steampunk.tribute",
    "games.critical_v1.variants.steampunk.wildcard",
    "games.critical_v1.variants.underwater.alter_future_3x",
    "games.critical_v1.variants.underwater.alter_future_5x",
    "games.critical_v1.variants.underwater.blackout",
    "games.critical_v1.variants.underwater.bury",
    "games.critical_v1.variants.underwater.cancel",
    "games.critical_v1.variants.underwater.collection_alpha",
    "games.critical_v1.variants.underwater.collection_beta",
    "games.critical_v1.variants.underwater.collection_delta",
    "games.critical_v1.variants.underwater.collection_epsilon",
    "games.critical_v1.variants.underwater.collection_gamma",
    "games.critical_v1.variants.underwater.containment_field",
    "games.critical_v1.variants.underwater.critical_event",
    "games.critical_v1.variants.underwater.critical_implosion",
    "games.critical_v1.variants.underwater.draw_bottom",
    "games.critical_v1.variants.underwater.evade",
    "games.critical_v1.variants.underwater.fission",
    "games.critical_v1.variants.underwater.insight",
    "games.critical_v1.variants.underwater.invert",
    "games.critical_v1.variants.underwater.mark",
    "games.critical_v1.variants.underwater.mega_evade",
    "games.critical_v1.variants.underwater.miracle",
    "games.critical_v1.variants.underwater.neutralizer",
    "games.critical_v1.variants.underwater.omniscience",
    "games.critical_v1.variants.underwater.private_strike",
    "games.critical_v1.variants.underwater.rapture",
    "games.critical_v1.variants.underwater.recursive_strike",
    "games.critical_v1.variants.underwater.reorder",
    "games.critical_v1.variants.underwater.reveal_future_3x",
    "games.critical_v1.variants.underwater.see_future_5x",
    "games.critical_v1.variants.underwater.share_future_3x",
    "games.critical_v1.variants.underwater.smite",
    "games.critical_v1.variants.underwater.stash",
    "games.critical_v1.variants.underwater.steal_draw",
    "games.critical_v1.variants.underwater.strike",
    "games.critical_v1.variants.underwater.swap_top_bottom",
    "games.critical_v1.variants.underwater.targeted_strike",
    "games.critical_v1.variants.underwater.trade",
    "games.critical_v1.variants.underwater.tribute",
    "games.critical_v1.variants.underwater.wildcard",
    "games.critical_v1.variants.western.alter_future_3x",
    "games.critical_v1.variants.western.alter_future_5x",
    "games.critical_v1.variants.western.blackout",
    "games.critical_v1.variants.western.bury",
    "games.critical_v1.variants.western.cancel",
    "games.critical_v1.variants.western.collection_alpha",
    "games.critical_v1.variants.western.collection_beta",
    "games.critical_v1.variants.western.collection_delta",
    "games.critical_v1.variants.western.collection_epsilon",
    "games.critical_v1.variants.western.collection_gamma",
    "games.critical_v1.variants.western.containment_field",
    "games.critical_v1.variants.western.critical_event",
    "games.critical_v1.variants.western.critical_implosion",
    "games.critical_v1.variants.western.draw_bottom",
    "games.critical_v1.variants.western.evade",
    "games.critical_v1.variants.western.fission",
    "games.critical_v1.variants.western.insight",
    "games.critical_v1.variants.western.invert",
    "games.critical_v1.variants.western.mark",
    "games.critical_v1.variants.western.mega_evade",
    "games.critical_v1.variants.western.miracle",
    "games.critical_v1.variants.western.neutralizer",
    "games.critical_v1.variants.western.omniscience",
    "games.critical_v1.variants.western.private_strike",
    "games.critical_v1.variants.western.rapture",
    "games.critical_v1.variants.western.recursive_strike",
    "games.critical_v1.variants.western.reorder",
    "games.critical_v1.variants.western.reveal_future_3x",
    "games.critical_v1.variants.western.see_future_5x",
    "games.critical_v1.variants.western.share_future_3x",
    "games.critical_v1.variants.western.smite",
    "games.critical_v1.variants.western.stash",
    "games.critical_v1.variants.western.steal_draw",
    "games.critical_v1.variants.western.strike",
    "games.critical_v1.variants.western.swap_top_bottom",
    "games.critical_v1.variants.western.targeted_strike",
    "games.critical_v1.variants.western.trade",
    "games.critical_v1.variants.western.tribute",
    "games.critical_v1.variants.western.wildcard",
    "games.critical_v1.variants.zen.alter_future_3x",
    "games.critical_v1.variants.zen.alter_future_5x",
    "games.critical_v1.variants.zen.blackout",
    "games.critical_v1.variants.zen.bury",
    "games.critical_v1.variants.zen.cancel",
    "games.critical_v1.variants.zen.collection_alpha",
    "games.critical_v1.variants.zen.collection_beta",
    "games.critical_v1.variants.zen.collection_delta",
    "games.critical_v1.variants.zen.collection_epsilon",
    "games.critical_v1.variants.zen.collection_gamma",
    "games.critical_v1.variants.zen.containment_field",
    "games.critical_v1.variants.zen.critical_event",
    "games.critical_v1.variants.zen.critical_implosion",
    "games.critical_v1.variants.zen.draw_bottom",
    "games.critical_v1.variants.zen.evade",
    "games.critical_v1.variants.zen.fission",
    "games.critical_v1.variants.zen.insight",
    "games.critical_v1.variants.zen.invert",
    "games.critical_v1.variants.zen.mark",
    "games.critical_v1.variants.zen.mega_evade",
    "games.critical_v1.variants.zen.miracle",
    "games.critical_v1.variants.zen.neutralizer",
    "games.critical_v1.variants.zen.omniscience",
    "games.critical_v1.variants.zen.private_strike",
    "games.critical_v1.variants.zen.rapture",
    "games.critical_v1.variants.zen.recursive_strike",
    "games.critical_v1.variants.zen.reorder",
    "games.critical_v1.variants.zen.reveal_future_3x",
    "games.critical_v1.variants.zen.see_future_5x",
    "games.critical_v1.variants.zen.share_future_3x",
    "games.critical_v1.variants.zen.smite",
    "games.critical_v1.variants.zen.stash",
    "games.critical_v1.variants.zen.steal_draw",
    "games.critical_v1.variants.zen.strike",
    "games.critical_v1.variants.zen.swap_top_bottom",
    "games.critical_v1.variants.zen.targeted_strike",
    "games.critical_v1.variants.zen.trade",
    "games.critical_v1.variants.zen.tribute",
    "games.critical_v1.variants.zen.wildcard",
  ],
  "es": [],
  "fr": [
    "games.critical_v1.variants.adventure.alter_future_3x",
    "games.critical_v1.variants.adventure.alter_future_5x",
    "games.critical_v1.variants.adventure.blackout",
    "games.critical_v1.variants.adventure.bury",
    "games.critical_v1.variants.adventure.cancel",
    "games.critical_v1.variants.adventure.collection_alpha",
    "games.critical_v1.variants.adventure.collection_beta",
    "games.critical_v1.variants.adventure.collection_delta",
    "games.critical_v1.variants.adventure.collection_epsilon",
    "games.critical_v1.variants.adventure.collection_gamma",
    "games.critical_v1.variants.adventure.containment_field",
    "games.critical_v1.variants.adventure.critical_event",
    "games.critical_v1.variants.adventure.critical_implosion",
    "games.critical_v1.variants.adventure.draw_bottom",
    "games.critical_v1.variants.adventure.evade",
    "games.critical_v1.variants.adventure.fission",
    "games.critical_v1.variants.adventure.insight",
    "games.critical_v1.variants.adventure.invert",
    "games.critical_v1.variants.adventure.mark",
    "games.critical_v1.variants.adventure.mega_evade",
    "games.critical_v1.variants.adventure.miracle",
    "games.critical_v1.variants.adventure.neutralizer",
    "games.critical_v1.variants.adventure.omniscience",
    "games.critical_v1.variants.adventure.private_strike",
    "games.critical_v1.variants.adventure.rapture",
    "games.critical_v1.variants.adventure.recursive_strike",
    "games.critical_v1.variants.adventure.reorder",
    "games.critical_v1.variants.adventure.reveal_future_3x",
    "games.critical_v1.variants.adventure.see_future_5x",
    "games.critical_v1.variants.adventure.share_future_3x",
    "games.critical_v1.variants.adventure.smite",
    "games.critical_v1.variants.adventure.stash",
    "games.critical_v1.variants.adventure.steal_draw",
    "games.critical_v1.variants.adventure.strike",
    "games.critical_v1.variants.adventure.swap_top_bottom",
    "games.critical_v1.variants.adventure.targeted_strike",
    "games.critical_v1.variants.adventure.trade",
    "games.critical_v1.variants.adventure.tribute",
    "games.critical_v1.variants.adventure.wildcard",
    "games.critical_v1.variants.crime.alter_future_3x",
    "games.critical_v1.variants.crime.alter_future_5x",
    "games.critical_v1.variants.crime.blackout",
    "games.critical_v1.variants.crime.bury",
    "games.critical_v1.variants.crime.cancel",
    "games.critical_v1.variants.crime.collection_alpha",
    "games.critical_v1.variants.crime.collection_beta",
    "games.critical_v1.variants.crime.collection_delta",
    "games.critical_v1.variants.crime.collection_epsilon",
    "games.critical_v1.variants.crime.collection_gamma",
    "games.critical_v1.variants.crime.containment_field",
    "games.critical_v1.variants.crime.critical_event",
    "games.critical_v1.variants.crime.critical_implosion",
    "games.critical_v1.variants.crime.draw_bottom",
    "games.critical_v1.variants.crime.evade",
    "games.critical_v1.variants.crime.fission",
    "games.critical_v1.variants.crime.insight",
    "games.critical_v1.variants.crime.invert",
    "games.critical_v1.variants.crime.mark",
    "games.critical_v1.variants.crime.mega_evade",
    "games.critical_v1.variants.crime.miracle",
    "games.critical_v1.variants.crime.neutralizer",
    "games.critical_v1.variants.crime.omniscience",
    "games.critical_v1.variants.crime.private_strike",
    "games.critical_v1.variants.crime.rapture",
    "games.critical_v1.variants.crime.recursive_strike",
    "games.critical_v1.variants.crime.reorder",
    "games.critical_v1.variants.crime.reveal_future_3x",
    "games.critical_v1.variants.crime.see_future_5x",
    "games.critical_v1.variants.crime.share_future_3x",
    "games.critical_v1.variants.crime.smite",
    "games.critical_v1.variants.crime.stash",
    "games.critical_v1.variants.crime.steal_draw",
    "games.critical_v1.variants.crime.strike",
    "games.critical_v1.variants.crime.swap_top_bottom",
    "games.critical_v1.variants.crime.targeted_strike",
    "games.critical_v1.variants.crime.trade",
    "games.critical_v1.variants.crime.tribute",
    "games.critical_v1.variants.crime.wildcard",
    "games.critical_v1.variants.cyberpunk.alter_future_3x",
    "games.critical_v1.variants.cyberpunk.alter_future_5x",
    "games.critical_v1.variants.cyberpunk.blackout",
    "games.critical_v1.variants.cyberpunk.bury",
    "games.critical_v1.variants.cyberpunk.cancel",
    "games.critical_v1.variants.cyberpunk.collection_alpha",
    "games.critical_v1.variants.cyberpunk.collection_beta",
    "games.critical_v1.variants.cyberpunk.collection_delta",
    "games.critical_v1.variants.cyberpunk.collection_epsilon",
    "games.critical_v1.variants.cyberpunk.collection_gamma",
    "games.critical_v1.variants.cyberpunk.containment_field",
    "games.critical_v1.variants.cyberpunk.critical_event",
    "games.critical_v1.variants.cyberpunk.critical_implosion",
    "games.critical_v1.variants.cyberpunk.draw_bottom",
    "games.critical_v1.variants.cyberpunk.evade",
    "games.critical_v1.variants.cyberpunk.fission",
    "games.critical_v1.variants.cyberpunk.insight",
    "games.critical_v1.variants.cyberpunk.invert",
    "games.critical_v1.variants.cyberpunk.mark",
    "games.critical_v1.variants.cyberpunk.mega_evade",
    "games.critical_v1.variants.cyberpunk.miracle",
    "games.critical_v1.variants.cyberpunk.neutralizer",
    "games.critical_v1.variants.cyberpunk.omniscience",
    "games.critical_v1.variants.cyberpunk.private_strike",
    "games.critical_v1.variants.cyberpunk.rapture",
    "games.critical_v1.variants.cyberpunk.recursive_strike",
    "games.critical_v1.variants.cyberpunk.reorder",
    "games.critical_v1.variants.cyberpunk.reveal_future_3x",
    "games.critical_v1.variants.cyberpunk.see_future_5x",
    "games.critical_v1.variants.cyberpunk.share_future_3x",
    "games.critical_v1.variants.cyberpunk.smite",
    "games.critical_v1.variants.cyberpunk.stash",
    "games.critical_v1.variants.cyberpunk.steal_draw",
    "games.critical_v1.variants.cyberpunk.strike",
    "games.critical_v1.variants.cyberpunk.swap_top_bottom",
    "games.critical_v1.variants.cyberpunk.targeted_strike",
    "games.critical_v1.variants.cyberpunk.trade",
    "games.critical_v1.variants.cyberpunk.tribute",
    "games.critical_v1.variants.cyberpunk.wildcard",
    "games.critical_v1.variants.default.alter_future_3x",
    "games.critical_v1.variants.default.alter_future_5x",
    "games.critical_v1.variants.default.blackout",
    "games.critical_v1.variants.default.bury",
    "games.critical_v1.variants.default.cancel",
    "games.critical_v1.variants.default.collection_alpha",
    "games.critical_v1.variants.default.collection_beta",
    "games.critical_v1.variants.default.collection_delta",
    "games.critical_v1.variants.default.collection_epsilon",
    "games.critical_v1.variants.default.collection_gamma",
    "games.critical_v1.variants.default.containment_field",
    "games.critical_v1.variants.default.critical_event",
    "games.critical_v1.variants.default.critical_implosion",
    "games.critical_v1.variants.default.draw_bottom",
    "games.critical_v1.variants.default.evade",
    "games.critical_v1.variants.default.fission",
    "games.critical_v1.variants.default.insight",
    "games.critical_v1.variants.default.invert",
    "games.critical_v1.variants.default.mark",
    "games.critical_v1.variants.default.mega_evade",
    "games.critical_v1.variants.default.miracle",
    "games.critical_v1.variants.default.neutralizer",
    "games.critical_v1.variants.default.omniscience",
    "games.critical_v1.variants.default.private_strike",
    "games.critical_v1.variants.default.rapture",
    "games.critical_v1.variants.default.recursive_strike",
    "games.critical_v1.variants.default.reorder",
    "games.critical_v1.variants.default.reveal_future_3x",
    "games.critical_v1.variants.default.see_future_5x",
    "games.critical_v1.variants.default.share_future_3x",
    "games.critical_v1.variants.default.smite",
    "games.critical_v1.variants.default.stash",
    "games.critical_v1.variants.default.steal_draw",
    "games.critical_v1.variants.default.strike",
    "games.critical_v1.variants.default.swap_top_bottom",
    "games.critical_v1.variants.default.targeted_strike",
    "games.critical_v1.variants.default.trade",
    "games.critical_v1.variants.default.tribute",
    "games.critical_v1.variants.default.wildcard",
    "games.critical_v1.variants.egypt.alter_future_3x",
    "games.critical_v1.variants.egypt.alter_future_5x",
    "games.critical_v1.variants.egypt.blackout",
    "games.critical_v1.variants.egypt.bury",
    "games.critical_v1.variants.egypt.cancel",
    "games.critical_v1.variants.egypt.collection_alpha",
    "games.critical_v1.variants.egypt.collection_beta",
    "games.critical_v1.variants.egypt.collection_delta",
    "games.critical_v1.variants.egypt.collection_epsilon",
    "games.critical_v1.variants.egypt.collection_gamma",
    "games.critical_v1.variants.egypt.containment_field",
    "games.critical_v1.variants.egypt.critical_event",
    "games.critical_v1.variants.egypt.critical_implosion",
    "games.critical_v1.variants.egypt.draw_bottom",
    "games.critical_v1.variants.egypt.evade",
    "games.critical_v1.variants.egypt.fission",
    "games.critical_v1.variants.egypt.insight",
    "games.critical_v1.variants.egypt.invert",
    "games.critical_v1.variants.egypt.mark",
    "games.critical_v1.variants.egypt.mega_evade",
    "games.critical_v1.variants.egypt.miracle",
    "games.critical_v1.variants.egypt.neutralizer",
    "games.critical_v1.variants.egypt.omniscience",
    "games.critical_v1.variants.egypt.private_strike",
    "games.critical_v1.variants.egypt.rapture",
    "games.critical_v1.variants.egypt.recursive_strike",
    "games.critical_v1.variants.egypt.reorder",
    "games.critical_v1.variants.egypt.reveal_future_3x",
    "games.critical_v1.variants.egypt.see_future_5x",
    "games.critical_v1.variants.egypt.share_future_3x",
    "games.critical_v1.variants.egypt.smite",
    "games.critical_v1.variants.egypt.stash",
    "games.critical_v1.variants.egypt.steal_draw",
    "games.critical_v1.variants.egypt.strike",
    "games.critical_v1.variants.egypt.swap_top_bottom",
    "games.critical_v1.variants.egypt.targeted_strike",
    "games.critical_v1.variants.egypt.trade",
    "games.critical_v1.variants.egypt.tribute",
    "games.critical_v1.variants.egypt.wildcard",
    "games.critical_v1.variants.fantasy.alter_future_3x",
    "games.critical_v1.variants.fantasy.alter_future_5x",
    "games.critical_v1.variants.fantasy.blackout",
    "games.critical_v1.variants.fantasy.bury",
    "games.critical_v1.variants.fantasy.cancel",
    "games.critical_v1.variants.fantasy.collection_alpha",
    "games.critical_v1.variants.fantasy.collection_beta",
    "games.critical_v1.variants.fantasy.collection_delta",
    "games.critical_v1.variants.fantasy.collection_epsilon",
    "games.critical_v1.variants.fantasy.collection_gamma",
    "games.critical_v1.variants.fantasy.containment_field",
    "games.critical_v1.variants.fantasy.critical_event",
    "games.critical_v1.variants.fantasy.critical_implosion",
    "games.critical_v1.variants.fantasy.draw_bottom",
    "games.critical_v1.variants.fantasy.evade",
    "games.critical_v1.variants.fantasy.fission",
    "games.critical_v1.variants.fantasy.insight",
    "games.critical_v1.variants.fantasy.invert",
    "games.critical_v1.variants.fantasy.mark",
    "games.critical_v1.variants.fantasy.mega_evade",
    "games.critical_v1.variants.fantasy.miracle",
    "games.critical_v1.variants.fantasy.neutralizer",
    "games.critical_v1.variants.fantasy.omniscience",
    "games.critical_v1.variants.fantasy.private_strike",
    "games.critical_v1.variants.fantasy.rapture",
    "games.critical_v1.variants.fantasy.recursive_strike",
    "games.critical_v1.variants.fantasy.reorder",
    "games.critical_v1.variants.fantasy.reveal_future_3x",
    "games.critical_v1.variants.fantasy.see_future_5x",
    "games.critical_v1.variants.fantasy.share_future_3x",
    "games.critical_v1.variants.fantasy.smite",
    "games.critical_v1.variants.fantasy.stash",
    "games.critical_v1.variants.fantasy.steal_draw",
    "games.critical_v1.variants.fantasy.strike",
    "games.critical_v1.variants.fantasy.swap_top_bottom",
    "games.critical_v1.variants.fantasy.targeted_strike",
    "games.critical_v1.variants.fantasy.trade",
    "games.critical_v1.variants.fantasy.tribute",
    "games.critical_v1.variants.fantasy.wildcard",
    "games.critical_v1.variants.galaxy.alter_future_3x",
    "games.critical_v1.variants.galaxy.alter_future_5x",
    "games.critical_v1.variants.galaxy.blackout",
    "games.critical_v1.variants.galaxy.bury",
    "games.critical_v1.variants.galaxy.cancel",
    "games.critical_v1.variants.galaxy.collection_alpha",
    "games.critical_v1.variants.galaxy.collection_beta",
    "games.critical_v1.variants.galaxy.collection_delta",
    "games.critical_v1.variants.galaxy.collection_epsilon",
    "games.critical_v1.variants.galaxy.collection_gamma",
    "games.critical_v1.variants.galaxy.containment_field",
    "games.critical_v1.variants.galaxy.critical_event",
    "games.critical_v1.variants.galaxy.critical_implosion",
    "games.critical_v1.variants.galaxy.draw_bottom",
    "games.critical_v1.variants.galaxy.evade",
    "games.critical_v1.variants.galaxy.fission",
    "games.critical_v1.variants.galaxy.insight",
    "games.critical_v1.variants.galaxy.invert",
    "games.critical_v1.variants.galaxy.mark",
    "games.critical_v1.variants.galaxy.mega_evade",
    "games.critical_v1.variants.galaxy.miracle",
    "games.critical_v1.variants.galaxy.neutralizer",
    "games.critical_v1.variants.galaxy.omniscience",
    "games.critical_v1.variants.galaxy.private_strike",
    "games.critical_v1.variants.galaxy.rapture",
    "games.critical_v1.variants.galaxy.recursive_strike",
    "games.critical_v1.variants.galaxy.reorder",
    "games.critical_v1.variants.galaxy.reveal_future_3x",
    "games.critical_v1.variants.galaxy.see_future_5x",
    "games.critical_v1.variants.galaxy.share_future_3x",
    "games.critical_v1.variants.galaxy.smite",
    "games.critical_v1.variants.galaxy.stash",
    "games.critical_v1.variants.galaxy.steal_draw",
    "games.critical_v1.variants.galaxy.strike",
    "games.critical_v1.variants.galaxy.swap_top_bottom",
    "games.critical_v1.variants.galaxy.targeted_strike",
    "games.critical_v1.variants.galaxy.trade",
    "games.critical_v1.variants.galaxy.tribute",
    "games.critical_v1.variants.galaxy.wildcard",
    "games.critical_v1.variants.high-altitude-hike.alter_future_3x",
    "games.critical_v1.variants.high-altitude-hike.alter_future_5x",
    "games.critical_v1.variants.high-altitude-hike.blackout",
    "games.critical_v1.variants.high-altitude-hike.bury",
    "games.critical_v1.variants.high-altitude-hike.cancel",
    "games.critical_v1.variants.high-altitude-hike.collection_alpha",
    "games.critical_v1.variants.high-altitude-hike.collection_beta",
    "games.critical_v1.variants.high-altitude-hike.collection_delta",
    "games.critical_v1.variants.high-altitude-hike.collection_epsilon",
    "games.critical_v1.variants.high-altitude-hike.collection_gamma",
    "games.critical_v1.variants.high-altitude-hike.containment_field",
    "games.critical_v1.variants.high-altitude-hike.critical_event",
    "games.critical_v1.variants.high-altitude-hike.critical_implosion",
    "games.critical_v1.variants.high-altitude-hike.draw_bottom",
    "games.critical_v1.variants.high-altitude-hike.evade",
    "games.critical_v1.variants.high-altitude-hike.fission",
    "games.critical_v1.variants.high-altitude-hike.insight",
    "games.critical_v1.variants.high-altitude-hike.invert",
    "games.critical_v1.variants.high-altitude-hike.mark",
    "games.critical_v1.variants.high-altitude-hike.mega_evade",
    "games.critical_v1.variants.high-altitude-hike.miracle",
    "games.critical_v1.variants.high-altitude-hike.neutralizer",
    "games.critical_v1.variants.high-altitude-hike.omniscience",
    "games.critical_v1.variants.high-altitude-hike.private_strike",
    "games.critical_v1.variants.high-altitude-hike.rapture",
    "games.critical_v1.variants.high-altitude-hike.recursive_strike",
    "games.critical_v1.variants.high-altitude-hike.reorder",
    "games.critical_v1.variants.high-altitude-hike.reveal_future_3x",
    "games.critical_v1.variants.high-altitude-hike.see_future_5x",
    "games.critical_v1.variants.high-altitude-hike.share_future_3x",
    "games.critical_v1.variants.high-altitude-hike.smite",
    "games.critical_v1.variants.high-altitude-hike.stash",
    "games.critical_v1.variants.high-altitude-hike.steal_draw",
    "games.critical_v1.variants.high-altitude-hike.strike",
    "games.critical_v1.variants.high-altitude-hike.swap_top_bottom",
    "games.critical_v1.variants.high-altitude-hike.targeted_strike",
    "games.critical_v1.variants.high-altitude-hike.trade",
    "games.critical_v1.variants.high-altitude-hike.tribute",
    "games.critical_v1.variants.high-altitude-hike.wildcard",
    "games.critical_v1.variants.horror.alter_future_3x",
    "games.critical_v1.variants.horror.alter_future_5x",
    "games.critical_v1.variants.horror.blackout",
    "games.critical_v1.variants.horror.bury",
    "games.critical_v1.variants.horror.cancel",
    "games.critical_v1.variants.horror.collection_alpha",
    "games.critical_v1.variants.horror.collection_beta",
    "games.critical_v1.variants.horror.collection_delta",
    "games.critical_v1.variants.horror.collection_epsilon",
    "games.critical_v1.variants.horror.collection_gamma",
    "games.critical_v1.variants.horror.containment_field",
    "games.critical_v1.variants.horror.critical_event",
    "games.critical_v1.variants.horror.critical_implosion",
    "games.critical_v1.variants.horror.draw_bottom",
    "games.critical_v1.variants.horror.evade",
    "games.critical_v1.variants.horror.fission",
    "games.critical_v1.variants.horror.insight",
    "games.critical_v1.variants.horror.invert",
    "games.critical_v1.variants.horror.mark",
    "games.critical_v1.variants.horror.mega_evade",
    "games.critical_v1.variants.horror.miracle",
    "games.critical_v1.variants.horror.neutralizer",
    "games.critical_v1.variants.horror.omniscience",
    "games.critical_v1.variants.horror.private_strike",
    "games.critical_v1.variants.horror.rapture",
    "games.critical_v1.variants.horror.recursive_strike",
    "games.critical_v1.variants.horror.reorder",
    "games.critical_v1.variants.horror.reveal_future_3x",
    "games.critical_v1.variants.horror.see_future_5x",
    "games.critical_v1.variants.horror.share_future_3x",
    "games.critical_v1.variants.horror.smite",
    "games.critical_v1.variants.horror.stash",
    "games.critical_v1.variants.horror.steal_draw",
    "games.critical_v1.variants.horror.strike",
    "games.critical_v1.variants.horror.swap_top_bottom",
    "games.critical_v1.variants.horror.targeted_strike",
    "games.critical_v1.variants.horror.trade",
    "games.critical_v1.variants.horror.tribute",
    "games.critical_v1.variants.horror.wildcard",
    "games.critical_v1.variants.steampunk.alter_future_3x",
    "games.critical_v1.variants.steampunk.alter_future_5x",
    "games.critical_v1.variants.steampunk.blackout",
    "games.critical_v1.variants.steampunk.bury",
    "games.critical_v1.variants.steampunk.cancel",
    "games.critical_v1.variants.steampunk.collection_alpha",
    "games.critical_v1.variants.steampunk.collection_beta",
    "games.critical_v1.variants.steampunk.collection_delta",
    "games.critical_v1.variants.steampunk.collection_epsilon",
    "games.critical_v1.variants.steampunk.collection_gamma",
    "games.critical_v1.variants.steampunk.containment_field",
    "games.critical_v1.variants.steampunk.critical_event",
    "games.critical_v1.variants.steampunk.critical_implosion",
    "games.critical_v1.variants.steampunk.draw_bottom",
    "games.critical_v1.variants.steampunk.evade",
    "games.critical_v1.variants.steampunk.fission",
    "games.critical_v1.variants.steampunk.insight",
    "games.critical_v1.variants.steampunk.invert",
    "games.critical_v1.variants.steampunk.mark",
    "games.critical_v1.variants.steampunk.mega_evade",
    "games.critical_v1.variants.steampunk.miracle",
    "games.critical_v1.variants.steampunk.neutralizer",
    "games.critical_v1.variants.steampunk.omniscience",
    "games.critical_v1.variants.steampunk.private_strike",
    "games.critical_v1.variants.steampunk.rapture",
    "games.critical_v1.variants.steampunk.recursive_strike",
    "games.critical_v1.variants.steampunk.reorder",
    "games.critical_v1.variants.steampunk.reveal_future_3x",
    "games.critical_v1.variants.steampunk.see_future_5x",
    "games.critical_v1.variants.steampunk.share_future_3x",
    "games.critical_v1.variants.steampunk.smite",
    "games.critical_v1.variants.steampunk.stash",
    "games.critical_v1.variants.steampunk.steal_draw",
    "games.critical_v1.variants.steampunk.strike",
    "games.critical_v1.variants.steampunk.swap_top_bottom",
    "games.critical_v1.variants.steampunk.targeted_strike",
    "games.critical_v1.variants.steampunk.trade",
    "games.critical_v1.variants.steampunk.tribute",
    "games.critical_v1.variants.steampunk.wildcard",
    "games.critical_v1.variants.underwater.alter_future_3x",
    "games.critical_v1.variants.underwater.alter_future_5x",
    "games.critical_v1.variants.underwater.blackout",
    "games.critical_v1.variants.underwater.bury",
    "games.critical_v1.variants.underwater.cancel",
    "games.critical_v1.variants.underwater.collection_alpha",
    "games.critical_v1.variants.underwater.collection_beta",
    "games.critical_v1.variants.underwater.collection_delta",
    "games.critical_v1.variants.underwater.collection_epsilon",
    "games.critical_v1.variants.underwater.collection_gamma",
    "games.critical_v1.variants.underwater.containment_field",
    "games.critical_v1.variants.underwater.critical_event",
    "games.critical_v1.variants.underwater.critical_implosion",
    "games.critical_v1.variants.underwater.draw_bottom",
    "games.critical_v1.variants.underwater.evade",
    "games.critical_v1.variants.underwater.fission",
    "games.critical_v1.variants.underwater.insight",
    "games.critical_v1.variants.underwater.invert",
    "games.critical_v1.variants.underwater.mark",
    "games.critical_v1.variants.underwater.mega_evade",
    "games.critical_v1.variants.underwater.miracle",
    "games.critical_v1.variants.underwater.neutralizer",
    "games.critical_v1.variants.underwater.omniscience",
    "games.critical_v1.variants.underwater.private_strike",
    "games.critical_v1.variants.underwater.rapture",
    "games.critical_v1.variants.underwater.recursive_strike",
    "games.critical_v1.variants.underwater.reorder",
    "games.critical_v1.variants.underwater.reveal_future_3x",
    "games.critical_v1.variants.underwater.see_future_5x",
    "games.critical_v1.variants.underwater.share_future_3x",
    "games.critical_v1.variants.underwater.smite",
    "games.critical_v1.variants.underwater.stash",
    "games.critical_v1.variants.underwater.steal_draw",
    "games.critical_v1.variants.underwater.strike",
    "games.critical_v1.variants.underwater.swap_top_bottom",
    "games.critical_v1.variants.underwater.targeted_strike",
    "games.critical_v1.variants.underwater.trade",
    "games.critical_v1.variants.underwater.tribute",
    "games.critical_v1.variants.underwater.wildcard",
    "games.critical_v1.variants.western.alter_future_3x",
    "games.critical_v1.variants.western.alter_future_5x",
    "games.critical_v1.variants.western.blackout",
    "games.critical_v1.variants.western.bury",
    "games.critical_v1.variants.western.cancel",
    "games.critical_v1.variants.western.collection_alpha",
    "games.critical_v1.variants.western.collection_beta",
    "games.critical_v1.variants.western.collection_delta",
    "games.critical_v1.variants.western.collection_epsilon",
    "games.critical_v1.variants.western.collection_gamma",
    "games.critical_v1.variants.western.containment_field",
    "games.critical_v1.variants.western.critical_event",
    "games.critical_v1.variants.western.critical_implosion",
    "games.critical_v1.variants.western.draw_bottom",
    "games.critical_v1.variants.western.evade",
    "games.critical_v1.variants.western.fission",
    "games.critical_v1.variants.western.insight",
    "games.critical_v1.variants.western.invert",
    "games.critical_v1.variants.western.mark",
    "games.critical_v1.variants.western.mega_evade",
    "games.critical_v1.variants.western.miracle",
    "games.critical_v1.variants.western.neutralizer",
    "games.critical_v1.variants.western.omniscience",
    "games.critical_v1.variants.western.private_strike",
    "games.critical_v1.variants.western.rapture",
    "games.critical_v1.variants.western.recursive_strike",
    "games.critical_v1.variants.western.reorder",
    "games.critical_v1.variants.western.reveal_future_3x",
    "games.critical_v1.variants.western.see_future_5x",
    "games.critical_v1.variants.western.share_future_3x",
    "games.critical_v1.variants.western.smite",
    "games.critical_v1.variants.western.stash",
    "games.critical_v1.variants.western.steal_draw",
    "games.critical_v1.variants.western.strike",
    "games.critical_v1.variants.western.swap_top_bottom",
    "games.critical_v1.variants.western.targeted_strike",
    "games.critical_v1.variants.western.trade",
    "games.critical_v1.variants.western.tribute",
    "games.critical_v1.variants.western.wildcard",
    "games.critical_v1.variants.zen.alter_future_3x",
    "games.critical_v1.variants.zen.alter_future_5x",
    "games.critical_v1.variants.zen.blackout",
    "games.critical_v1.variants.zen.bury",
    "games.critical_v1.variants.zen.cancel",
    "games.critical_v1.variants.zen.collection_alpha",
    "games.critical_v1.variants.zen.collection_beta",
    "games.critical_v1.variants.zen.collection_delta",
    "games.critical_v1.variants.zen.collection_epsilon",
    "games.critical_v1.variants.zen.collection_gamma",
    "games.critical_v1.variants.zen.containment_field",
    "games.critical_v1.variants.zen.critical_event",
    "games.critical_v1.variants.zen.critical_implosion",
    "games.critical_v1.variants.zen.draw_bottom",
    "games.critical_v1.variants.zen.evade",
    "games.critical_v1.variants.zen.fission",
    "games.critical_v1.variants.zen.insight",
    "games.critical_v1.variants.zen.invert",
    "games.critical_v1.variants.zen.mark",
    "games.critical_v1.variants.zen.mega_evade",
    "games.critical_v1.variants.zen.miracle",
    "games.critical_v1.variants.zen.neutralizer",
    "games.critical_v1.variants.zen.omniscience",
    "games.critical_v1.variants.zen.private_strike",
    "games.critical_v1.variants.zen.rapture",
    "games.critical_v1.variants.zen.recursive_strike",
    "games.critical_v1.variants.zen.reorder",
    "games.critical_v1.variants.zen.reveal_future_3x",
    "games.critical_v1.variants.zen.see_future_5x",
    "games.critical_v1.variants.zen.share_future_3x",
    "games.critical_v1.variants.zen.smite",
    "games.critical_v1.variants.zen.stash",
    "games.critical_v1.variants.zen.steal_draw",
    "games.critical_v1.variants.zen.strike",
    "games.critical_v1.variants.zen.swap_top_bottom",
    "games.critical_v1.variants.zen.targeted_strike",
    "games.critical_v1.variants.zen.trade",
    "games.critical_v1.variants.zen.tribute",
    "games.critical_v1.variants.zen.wildcard",
  ],
  "ru": [
    "games.critical_v1.variants.adventure.alter_future_3x",
    "games.critical_v1.variants.adventure.alter_future_5x",
    "games.critical_v1.variants.adventure.blackout",
    "games.critical_v1.variants.adventure.bury",
    "games.critical_v1.variants.adventure.cancel",
    "games.critical_v1.variants.adventure.collection_alpha",
    "games.critical_v1.variants.adventure.collection_beta",
    "games.critical_v1.variants.adventure.collection_delta",
    "games.critical_v1.variants.adventure.collection_epsilon",
    "games.critical_v1.variants.adventure.collection_gamma",
    "games.critical_v1.variants.adventure.containment_field",
    "games.critical_v1.variants.adventure.critical_event",
    "games.critical_v1.variants.adventure.critical_implosion",
    "games.critical_v1.variants.adventure.draw_bottom",
    "games.critical_v1.variants.adventure.evade",
    "games.critical_v1.variants.adventure.fission",
    "games.critical_v1.variants.adventure.insight",
    "games.critical_v1.variants.adventure.invert",
    "games.critical_v1.variants.adventure.mark",
    "games.critical_v1.variants.adventure.mega_evade",
    "games.critical_v1.variants.adventure.miracle",
    "games.critical_v1.variants.adventure.neutralizer",
    "games.critical_v1.variants.adventure.omniscience",
    "games.critical_v1.variants.adventure.private_strike",
    "games.critical_v1.variants.adventure.rapture",
    "games.critical_v1.variants.adventure.recursive_strike",
    "games.critical_v1.variants.adventure.reorder",
    "games.critical_v1.variants.adventure.reveal_future_3x",
    "games.critical_v1.variants.adventure.see_future_5x",
    "games.critical_v1.variants.adventure.share_future_3x",
    "games.critical_v1.variants.adventure.smite",
    "games.critical_v1.variants.adventure.stash",
    "games.critical_v1.variants.adventure.steal_draw",
    "games.critical_v1.variants.adventure.strike",
    "games.critical_v1.variants.adventure.swap_top_bottom",
    "games.critical_v1.variants.adventure.targeted_strike",
    "games.critical_v1.variants.adventure.trade",
    "games.critical_v1.variants.adventure.tribute",
    "games.critical_v1.variants.adventure.wildcard",
    "games.critical_v1.variants.crime.alter_future_3x",
    "games.critical_v1.variants.crime.alter_future_5x",
    "games.critical_v1.variants.crime.blackout",
    "games.critical_v1.variants.crime.bury",
    "games.critical_v1.variants.crime.cancel",
    "games.critical_v1.variants.crime.collection_alpha",
    "games.critical_v1.variants.crime.collection_beta",
    "games.critical_v1.variants.crime.collection_delta",
    "games.critical_v1.variants.crime.collection_epsilon",
    "games.critical_v1.variants.crime.collection_gamma",
    "games.critical_v1.variants.crime.containment_field",
    "games.critical_v1.variants.crime.critical_event",
    "games.critical_v1.variants.crime.critical_implosion",
    "games.critical_v1.variants.crime.draw_bottom",
    "games.critical_v1.variants.crime.evade",
    "games.critical_v1.variants.crime.fission",
    "games.critical_v1.variants.crime.insight",
    "games.critical_v1.variants.crime.invert",
    "games.critical_v1.variants.crime.mark",
    "games.critical_v1.variants.crime.mega_evade",
    "games.critical_v1.variants.crime.miracle",
    "games.critical_v1.variants.crime.neutralizer",
    "games.critical_v1.variants.crime.omniscience",
    "games.critical_v1.variants.crime.private_strike",
    "games.critical_v1.variants.crime.rapture",
    "games.critical_v1.variants.crime.recursive_strike",
    "games.critical_v1.variants.crime.reorder",
    "games.critical_v1.variants.crime.reveal_future_3x",
    "games.critical_v1.variants.crime.see_future_5x",
    "games.critical_v1.variants.crime.share_future_3x",
    "games.critical_v1.variants.crime.smite",
    "games.critical_v1.variants.crime.stash",
    "games.critical_v1.variants.crime.steal_draw",
    "games.critical_v1.variants.crime.strike",
    "games.critical_v1.variants.crime.swap_top_bottom",
    "games.critical_v1.variants.crime.targeted_strike",
    "games.critical_v1.variants.crime.trade",
    "games.critical_v1.variants.crime.tribute",
    "games.critical_v1.variants.crime.wildcard",
    "games.critical_v1.variants.cyberpunk.alter_future_3x",
    "games.critical_v1.variants.cyberpunk.alter_future_5x",
    "games.critical_v1.variants.cyberpunk.blackout",
    "games.critical_v1.variants.cyberpunk.bury",
    "games.critical_v1.variants.cyberpunk.cancel",
    "games.critical_v1.variants.cyberpunk.collection_alpha",
    "games.critical_v1.variants.cyberpunk.collection_beta",
    "games.critical_v1.variants.cyberpunk.collection_delta",
    "games.critical_v1.variants.cyberpunk.collection_epsilon",
    "games.critical_v1.variants.cyberpunk.collection_gamma",
    "games.critical_v1.variants.cyberpunk.containment_field",
    "games.critical_v1.variants.cyberpunk.critical_event",
    "games.critical_v1.variants.cyberpunk.critical_implosion",
    "games.critical_v1.variants.cyberpunk.draw_bottom",
    "games.critical_v1.variants.cyberpunk.evade",
    "games.critical_v1.variants.cyberpunk.fission",
    "games.critical_v1.variants.cyberpunk.insight",
    "games.critical_v1.variants.cyberpunk.invert",
    "games.critical_v1.variants.cyberpunk.mark",
    "games.critical_v1.variants.cyberpunk.mega_evade",
    "games.critical_v1.variants.cyberpunk.miracle",
    "games.critical_v1.variants.cyberpunk.neutralizer",
    "games.critical_v1.variants.cyberpunk.omniscience",
    "games.critical_v1.variants.cyberpunk.private_strike",
    "games.critical_v1.variants.cyberpunk.rapture",
    "games.critical_v1.variants.cyberpunk.recursive_strike",
    "games.critical_v1.variants.cyberpunk.reorder",
    "games.critical_v1.variants.cyberpunk.reveal_future_3x",
    "games.critical_v1.variants.cyberpunk.see_future_5x",
    "games.critical_v1.variants.cyberpunk.share_future_3x",
    "games.critical_v1.variants.cyberpunk.smite",
    "games.critical_v1.variants.cyberpunk.stash",
    "games.critical_v1.variants.cyberpunk.steal_draw",
    "games.critical_v1.variants.cyberpunk.strike",
    "games.critical_v1.variants.cyberpunk.swap_top_bottom",
    "games.critical_v1.variants.cyberpunk.targeted_strike",
    "games.critical_v1.variants.cyberpunk.trade",
    "games.critical_v1.variants.cyberpunk.tribute",
    "games.critical_v1.variants.cyberpunk.wildcard",
    "games.critical_v1.variants.default.alter_future_3x",
    "games.critical_v1.variants.default.alter_future_5x",
    "games.critical_v1.variants.default.blackout",
    "games.critical_v1.variants.default.bury",
    "games.critical_v1.variants.default.cancel",
    "games.critical_v1.variants.default.collection_alpha",
    "games.critical_v1.variants.default.collection_beta",
    "games.critical_v1.variants.default.collection_delta",
    "games.critical_v1.variants.default.collection_epsilon",
    "games.critical_v1.variants.default.collection_gamma",
    "games.critical_v1.variants.default.containment_field",
    "games.critical_v1.variants.default.critical_event",
    "games.critical_v1.variants.default.critical_implosion",
    "games.critical_v1.variants.default.draw_bottom",
    "games.critical_v1.variants.default.evade",
    "games.critical_v1.variants.default.fission",
    "games.critical_v1.variants.default.insight",
    "games.critical_v1.variants.default.invert",
    "games.critical_v1.variants.default.mark",
    "games.critical_v1.variants.default.mega_evade",
    "games.critical_v1.variants.default.miracle",
    "games.critical_v1.variants.default.neutralizer",
    "games.critical_v1.variants.default.omniscience",
    "games.critical_v1.variants.default.private_strike",
    "games.critical_v1.variants.default.rapture",
    "games.critical_v1.variants.default.recursive_strike",
    "games.critical_v1.variants.default.reorder",
    "games.critical_v1.variants.default.reveal_future_3x",
    "games.critical_v1.variants.default.see_future_5x",
    "games.critical_v1.variants.default.share_future_3x",
    "games.critical_v1.variants.default.smite",
    "games.critical_v1.variants.default.stash",
    "games.critical_v1.variants.default.steal_draw",
    "games.critical_v1.variants.default.strike",
    "games.critical_v1.variants.default.swap_top_bottom",
    "games.critical_v1.variants.default.targeted_strike",
    "games.critical_v1.variants.default.trade",
    "games.critical_v1.variants.default.tribute",
    "games.critical_v1.variants.default.wildcard",
    "games.critical_v1.variants.egypt.alter_future_3x",
    "games.critical_v1.variants.egypt.alter_future_5x",
    "games.critical_v1.variants.egypt.blackout",
    "games.critical_v1.variants.egypt.bury",
    "games.critical_v1.variants.egypt.cancel",
    "games.critical_v1.variants.egypt.collection_alpha",
    "games.critical_v1.variants.egypt.collection_beta",
    "games.critical_v1.variants.egypt.collection_delta",
    "games.critical_v1.variants.egypt.collection_epsilon",
    "games.critical_v1.variants.egypt.collection_gamma",
    "games.critical_v1.variants.egypt.containment_field",
    "games.critical_v1.variants.egypt.critical_event",
    "games.critical_v1.variants.egypt.critical_implosion",
    "games.critical_v1.variants.egypt.draw_bottom",
    "games.critical_v1.variants.egypt.evade",
    "games.critical_v1.variants.egypt.fission",
    "games.critical_v1.variants.egypt.insight",
    "games.critical_v1.variants.egypt.invert",
    "games.critical_v1.variants.egypt.mark",
    "games.critical_v1.variants.egypt.mega_evade",
    "games.critical_v1.variants.egypt.miracle",
    "games.critical_v1.variants.egypt.neutralizer",
    "games.critical_v1.variants.egypt.omniscience",
    "games.critical_v1.variants.egypt.private_strike",
    "games.critical_v1.variants.egypt.rapture",
    "games.critical_v1.variants.egypt.recursive_strike",
    "games.critical_v1.variants.egypt.reorder",
    "games.critical_v1.variants.egypt.reveal_future_3x",
    "games.critical_v1.variants.egypt.see_future_5x",
    "games.critical_v1.variants.egypt.share_future_3x",
    "games.critical_v1.variants.egypt.smite",
    "games.critical_v1.variants.egypt.stash",
    "games.critical_v1.variants.egypt.steal_draw",
    "games.critical_v1.variants.egypt.strike",
    "games.critical_v1.variants.egypt.swap_top_bottom",
    "games.critical_v1.variants.egypt.targeted_strike",
    "games.critical_v1.variants.egypt.trade",
    "games.critical_v1.variants.egypt.tribute",
    "games.critical_v1.variants.egypt.wildcard",
    "games.critical_v1.variants.fantasy.alter_future_3x",
    "games.critical_v1.variants.fantasy.alter_future_5x",
    "games.critical_v1.variants.fantasy.blackout",
    "games.critical_v1.variants.fantasy.bury",
    "games.critical_v1.variants.fantasy.cancel",
    "games.critical_v1.variants.fantasy.collection_alpha",
    "games.critical_v1.variants.fantasy.collection_beta",
    "games.critical_v1.variants.fantasy.collection_delta",
    "games.critical_v1.variants.fantasy.collection_epsilon",
    "games.critical_v1.variants.fantasy.collection_gamma",
    "games.critical_v1.variants.fantasy.containment_field",
    "games.critical_v1.variants.fantasy.critical_event",
    "games.critical_v1.variants.fantasy.critical_implosion",
    "games.critical_v1.variants.fantasy.draw_bottom",
    "games.critical_v1.variants.fantasy.evade",
    "games.critical_v1.variants.fantasy.fission",
    "games.critical_v1.variants.fantasy.insight",
    "games.critical_v1.variants.fantasy.invert",
    "games.critical_v1.variants.fantasy.mark",
    "games.critical_v1.variants.fantasy.mega_evade",
    "games.critical_v1.variants.fantasy.miracle",
    "games.critical_v1.variants.fantasy.neutralizer",
    "games.critical_v1.variants.fantasy.omniscience",
    "games.critical_v1.variants.fantasy.private_strike",
    "games.critical_v1.variants.fantasy.rapture",
    "games.critical_v1.variants.fantasy.recursive_strike",
    "games.critical_v1.variants.fantasy.reorder",
    "games.critical_v1.variants.fantasy.reveal_future_3x",
    "games.critical_v1.variants.fantasy.see_future_5x",
    "games.critical_v1.variants.fantasy.share_future_3x",
    "games.critical_v1.variants.fantasy.smite",
    "games.critical_v1.variants.fantasy.stash",
    "games.critical_v1.variants.fantasy.steal_draw",
    "games.critical_v1.variants.fantasy.strike",
    "games.critical_v1.variants.fantasy.swap_top_bottom",
    "games.critical_v1.variants.fantasy.targeted_strike",
    "games.critical_v1.variants.fantasy.trade",
    "games.critical_v1.variants.fantasy.tribute",
    "games.critical_v1.variants.fantasy.wildcard",
    "games.critical_v1.variants.galaxy.alter_future_3x",
    "games.critical_v1.variants.galaxy.alter_future_5x",
    "games.critical_v1.variants.galaxy.blackout",
    "games.critical_v1.variants.galaxy.bury",
    "games.critical_v1.variants.galaxy.cancel",
    "games.critical_v1.variants.galaxy.collection_alpha",
    "games.critical_v1.variants.galaxy.collection_beta",
    "games.critical_v1.variants.galaxy.collection_delta",
    "games.critical_v1.variants.galaxy.collection_epsilon",
    "games.critical_v1.variants.galaxy.collection_gamma",
    "games.critical_v1.variants.galaxy.containment_field",
    "games.critical_v1.variants.galaxy.critical_event",
    "games.critical_v1.variants.galaxy.critical_implosion",
    "games.critical_v1.variants.galaxy.draw_bottom",
    "games.critical_v1.variants.galaxy.evade",
    "games.critical_v1.variants.galaxy.fission",
    "games.critical_v1.variants.galaxy.insight",
    "games.critical_v1.variants.galaxy.invert",
    "games.critical_v1.variants.galaxy.mark",
    "games.critical_v1.variants.galaxy.mega_evade",
    "games.critical_v1.variants.galaxy.miracle",
    "games.critical_v1.variants.galaxy.neutralizer",
    "games.critical_v1.variants.galaxy.omniscience",
    "games.critical_v1.variants.galaxy.private_strike",
    "games.critical_v1.variants.galaxy.rapture",
    "games.critical_v1.variants.galaxy.recursive_strike",
    "games.critical_v1.variants.galaxy.reorder",
    "games.critical_v1.variants.galaxy.reveal_future_3x",
    "games.critical_v1.variants.galaxy.see_future_5x",
    "games.critical_v1.variants.galaxy.share_future_3x",
    "games.critical_v1.variants.galaxy.smite",
    "games.critical_v1.variants.galaxy.stash",
    "games.critical_v1.variants.galaxy.steal_draw",
    "games.critical_v1.variants.galaxy.strike",
    "games.critical_v1.variants.galaxy.swap_top_bottom",
    "games.critical_v1.variants.galaxy.targeted_strike",
    "games.critical_v1.variants.galaxy.trade",
    "games.critical_v1.variants.galaxy.tribute",
    "games.critical_v1.variants.galaxy.wildcard",
    "games.critical_v1.variants.high-altitude-hike.alter_future_3x",
    "games.critical_v1.variants.high-altitude-hike.alter_future_5x",
    "games.critical_v1.variants.high-altitude-hike.blackout",
    "games.critical_v1.variants.high-altitude-hike.bury",
    "games.critical_v1.variants.high-altitude-hike.cancel",
    "games.critical_v1.variants.high-altitude-hike.collection_alpha",
    "games.critical_v1.variants.high-altitude-hike.collection_beta",
    "games.critical_v1.variants.high-altitude-hike.collection_delta",
    "games.critical_v1.variants.high-altitude-hike.collection_epsilon",
    "games.critical_v1.variants.high-altitude-hike.collection_gamma",
    "games.critical_v1.variants.high-altitude-hike.containment_field",
    "games.critical_v1.variants.high-altitude-hike.critical_event",
    "games.critical_v1.variants.high-altitude-hike.critical_implosion",
    "games.critical_v1.variants.high-altitude-hike.draw_bottom",
    "games.critical_v1.variants.high-altitude-hike.evade",
    "games.critical_v1.variants.high-altitude-hike.fission",
    "games.critical_v1.variants.high-altitude-hike.insight",
    "games.critical_v1.variants.high-altitude-hike.invert",
    "games.critical_v1.variants.high-altitude-hike.mark",
    "games.critical_v1.variants.high-altitude-hike.mega_evade",
    "games.critical_v1.variants.high-altitude-hike.miracle",
    "games.critical_v1.variants.high-altitude-hike.neutralizer",
    "games.critical_v1.variants.high-altitude-hike.omniscience",
    "games.critical_v1.variants.high-altitude-hike.private_strike",
    "games.critical_v1.variants.high-altitude-hike.rapture",
    "games.critical_v1.variants.high-altitude-hike.recursive_strike",
    "games.critical_v1.variants.high-altitude-hike.reorder",
    "games.critical_v1.variants.high-altitude-hike.reveal_future_3x",
    "games.critical_v1.variants.high-altitude-hike.see_future_5x",
    "games.critical_v1.variants.high-altitude-hike.share_future_3x",
    "games.critical_v1.variants.high-altitude-hike.smite",
    "games.critical_v1.variants.high-altitude-hike.stash",
    "games.critical_v1.variants.high-altitude-hike.steal_draw",
    "games.critical_v1.variants.high-altitude-hike.strike",
    "games.critical_v1.variants.high-altitude-hike.swap_top_bottom",
    "games.critical_v1.variants.high-altitude-hike.targeted_strike",
    "games.critical_v1.variants.high-altitude-hike.trade",
    "games.critical_v1.variants.high-altitude-hike.tribute",
    "games.critical_v1.variants.high-altitude-hike.wildcard",
    "games.critical_v1.variants.horror.alter_future_3x",
    "games.critical_v1.variants.horror.alter_future_5x",
    "games.critical_v1.variants.horror.blackout",
    "games.critical_v1.variants.horror.bury",
    "games.critical_v1.variants.horror.cancel",
    "games.critical_v1.variants.horror.collection_alpha",
    "games.critical_v1.variants.horror.collection_beta",
    "games.critical_v1.variants.horror.collection_delta",
    "games.critical_v1.variants.horror.collection_epsilon",
    "games.critical_v1.variants.horror.collection_gamma",
    "games.critical_v1.variants.horror.containment_field",
    "games.critical_v1.variants.horror.critical_event",
    "games.critical_v1.variants.horror.critical_implosion",
    "games.critical_v1.variants.horror.draw_bottom",
    "games.critical_v1.variants.horror.evade",
    "games.critical_v1.variants.horror.fission",
    "games.critical_v1.variants.horror.insight",
    "games.critical_v1.variants.horror.invert",
    "games.critical_v1.variants.horror.mark",
    "games.critical_v1.variants.horror.mega_evade",
    "games.critical_v1.variants.horror.miracle",
    "games.critical_v1.variants.horror.neutralizer",
    "games.critical_v1.variants.horror.omniscience",
    "games.critical_v1.variants.horror.private_strike",
    "games.critical_v1.variants.horror.rapture",
    "games.critical_v1.variants.horror.recursive_strike",
    "games.critical_v1.variants.horror.reorder",
    "games.critical_v1.variants.horror.reveal_future_3x",
    "games.critical_v1.variants.horror.see_future_5x",
    "games.critical_v1.variants.horror.share_future_3x",
    "games.critical_v1.variants.horror.smite",
    "games.critical_v1.variants.horror.stash",
    "games.critical_v1.variants.horror.steal_draw",
    "games.critical_v1.variants.horror.strike",
    "games.critical_v1.variants.horror.swap_top_bottom",
    "games.critical_v1.variants.horror.targeted_strike",
    "games.critical_v1.variants.horror.trade",
    "games.critical_v1.variants.horror.tribute",
    "games.critical_v1.variants.horror.wildcard",
    "games.critical_v1.variants.steampunk.alter_future_3x",
    "games.critical_v1.variants.steampunk.alter_future_5x",
    "games.critical_v1.variants.steampunk.blackout",
    "games.critical_v1.variants.steampunk.bury",
    "games.critical_v1.variants.steampunk.cancel",
    "games.critical_v1.variants.steampunk.collection_alpha",
    "games.critical_v1.variants.steampunk.collection_beta",
    "games.critical_v1.variants.steampunk.collection_delta",
    "games.critical_v1.variants.steampunk.collection_epsilon",
    "games.critical_v1.variants.steampunk.collection_gamma",
    "games.critical_v1.variants.steampunk.containment_field",
    "games.critical_v1.variants.steampunk.critical_event",
    "games.critical_v1.variants.steampunk.critical_implosion",
    "games.critical_v1.variants.steampunk.draw_bottom",
    "games.critical_v1.variants.steampunk.evade",
    "games.critical_v1.variants.steampunk.fission",
    "games.critical_v1.variants.steampunk.insight",
    "games.critical_v1.variants.steampunk.invert",
    "games.critical_v1.variants.steampunk.mark",
    "games.critical_v1.variants.steampunk.mega_evade",
    "games.critical_v1.variants.steampunk.miracle",
    "games.critical_v1.variants.steampunk.neutralizer",
    "games.critical_v1.variants.steampunk.omniscience",
    "games.critical_v1.variants.steampunk.private_strike",
    "games.critical_v1.variants.steampunk.rapture",
    "games.critical_v1.variants.steampunk.recursive_strike",
    "games.critical_v1.variants.steampunk.reorder",
    "games.critical_v1.variants.steampunk.reveal_future_3x",
    "games.critical_v1.variants.steampunk.see_future_5x",
    "games.critical_v1.variants.steampunk.share_future_3x",
    "games.critical_v1.variants.steampunk.smite",
    "games.critical_v1.variants.steampunk.stash",
    "games.critical_v1.variants.steampunk.steal_draw",
    "games.critical_v1.variants.steampunk.strike",
    "games.critical_v1.variants.steampunk.swap_top_bottom",
    "games.critical_v1.variants.steampunk.targeted_strike",
    "games.critical_v1.variants.steampunk.trade",
    "games.critical_v1.variants.steampunk.tribute",
    "games.critical_v1.variants.steampunk.wildcard",
    "games.critical_v1.variants.underwater.alter_future_3x",
    "games.critical_v1.variants.underwater.alter_future_5x",
    "games.critical_v1.variants.underwater.blackout",
    "games.critical_v1.variants.underwater.bury",
    "games.critical_v1.variants.underwater.cancel",
    "games.critical_v1.variants.underwater.collection_alpha",
    "games.critical_v1.variants.underwater.collection_beta",
    "games.critical_v1.variants.underwater.collection_delta",
    "games.critical_v1.variants.underwater.collection_epsilon",
    "games.critical_v1.variants.underwater.collection_gamma",
    "games.critical_v1.variants.underwater.containment_field",
    "games.critical_v1.variants.underwater.critical_event",
    "games.critical_v1.variants.underwater.critical_implosion",
    "games.critical_v1.variants.underwater.draw_bottom",
    "games.critical_v1.variants.underwater.evade",
    "games.critical_v1.variants.underwater.fission",
    "games.critical_v1.variants.underwater.insight",
    "games.critical_v1.variants.underwater.invert",
    "games.critical_v1.variants.underwater.mark",
    "games.critical_v1.variants.underwater.mega_evade",
    "games.critical_v1.variants.underwater.miracle",
    "games.critical_v1.variants.underwater.neutralizer",
    "games.critical_v1.variants.underwater.omniscience",
    "games.critical_v1.variants.underwater.private_strike",
    "games.critical_v1.variants.underwater.rapture",
    "games.critical_v1.variants.underwater.recursive_strike",
    "games.critical_v1.variants.underwater.reorder",
    "games.critical_v1.variants.underwater.reveal_future_3x",
    "games.critical_v1.variants.underwater.see_future_5x",
    "games.critical_v1.variants.underwater.share_future_3x",
    "games.critical_v1.variants.underwater.smite",
    "games.critical_v1.variants.underwater.stash",
    "games.critical_v1.variants.underwater.steal_draw",
    "games.critical_v1.variants.underwater.strike",
    "games.critical_v1.variants.underwater.swap_top_bottom",
    "games.critical_v1.variants.underwater.targeted_strike",
    "games.critical_v1.variants.underwater.trade",
    "games.critical_v1.variants.underwater.tribute",
    "games.critical_v1.variants.underwater.wildcard",
    "games.critical_v1.variants.western.alter_future_3x",
    "games.critical_v1.variants.western.alter_future_5x",
    "games.critical_v1.variants.western.blackout",
    "games.critical_v1.variants.western.bury",
    "games.critical_v1.variants.western.cancel",
    "games.critical_v1.variants.western.collection_alpha",
    "games.critical_v1.variants.western.collection_beta",
    "games.critical_v1.variants.western.collection_delta",
    "games.critical_v1.variants.western.collection_epsilon",
    "games.critical_v1.variants.western.collection_gamma",
    "games.critical_v1.variants.western.containment_field",
    "games.critical_v1.variants.western.critical_event",
    "games.critical_v1.variants.western.critical_implosion",
    "games.critical_v1.variants.western.draw_bottom",
    "games.critical_v1.variants.western.evade",
    "games.critical_v1.variants.western.fission",
    "games.critical_v1.variants.western.insight",
    "games.critical_v1.variants.western.invert",
    "games.critical_v1.variants.western.mark",
    "games.critical_v1.variants.western.mega_evade",
    "games.critical_v1.variants.western.miracle",
    "games.critical_v1.variants.western.neutralizer",
    "games.critical_v1.variants.western.omniscience",
    "games.critical_v1.variants.western.private_strike",
    "games.critical_v1.variants.western.rapture",
    "games.critical_v1.variants.western.recursive_strike",
    "games.critical_v1.variants.western.reorder",
    "games.critical_v1.variants.western.reveal_future_3x",
    "games.critical_v1.variants.western.see_future_5x",
    "games.critical_v1.variants.western.share_future_3x",
    "games.critical_v1.variants.western.smite",
    "games.critical_v1.variants.western.stash",
    "games.critical_v1.variants.western.steal_draw",
    "games.critical_v1.variants.western.strike",
    "games.critical_v1.variants.western.swap_top_bottom",
    "games.critical_v1.variants.western.targeted_strike",
    "games.critical_v1.variants.western.trade",
    "games.critical_v1.variants.western.tribute",
    "games.critical_v1.variants.western.wildcard",
    "games.critical_v1.variants.zen.alter_future_3x",
    "games.critical_v1.variants.zen.alter_future_5x",
    "games.critical_v1.variants.zen.blackout",
    "games.critical_v1.variants.zen.bury",
    "games.critical_v1.variants.zen.cancel",
    "games.critical_v1.variants.zen.collection_alpha",
    "games.critical_v1.variants.zen.collection_beta",
    "games.critical_v1.variants.zen.collection_delta",
    "games.critical_v1.variants.zen.collection_epsilon",
    "games.critical_v1.variants.zen.collection_gamma",
    "games.critical_v1.variants.zen.containment_field",
    "games.critical_v1.variants.zen.critical_event",
    "games.critical_v1.variants.zen.critical_implosion",
    "games.critical_v1.variants.zen.draw_bottom",
    "games.critical_v1.variants.zen.evade",
    "games.critical_v1.variants.zen.fission",
    "games.critical_v1.variants.zen.insight",
    "games.critical_v1.variants.zen.invert",
    "games.critical_v1.variants.zen.mark",
    "games.critical_v1.variants.zen.mega_evade",
    "games.critical_v1.variants.zen.miracle",
    "games.critical_v1.variants.zen.neutralizer",
    "games.critical_v1.variants.zen.omniscience",
    "games.critical_v1.variants.zen.private_strike",
    "games.critical_v1.variants.zen.rapture",
    "games.critical_v1.variants.zen.recursive_strike",
    "games.critical_v1.variants.zen.reorder",
    "games.critical_v1.variants.zen.reveal_future_3x",
    "games.critical_v1.variants.zen.see_future_5x",
    "games.critical_v1.variants.zen.share_future_3x",
    "games.critical_v1.variants.zen.smite",
    "games.critical_v1.variants.zen.stash",
    "games.critical_v1.variants.zen.steal_draw",
    "games.critical_v1.variants.zen.strike",
    "games.critical_v1.variants.zen.swap_top_bottom",
    "games.critical_v1.variants.zen.targeted_strike",
    "games.critical_v1.variants.zen.trade",
    "games.critical_v1.variants.zen.tribute",
    "games.critical_v1.variants.zen.wildcard",
  ],
}
`;
